>Anthracina_ramosa
>Anthracina_saxicola
>Arthrocladium_caudatum
>Arthrocladium_tardum
>Arthrocladium_tropicale
>Aspergillus_fumigatus
>Bradymyces_alpinus
>Bradymyces_yunnanensis
>Capronia_coronata
>Cladophialophora_carrionii
>Cladophialophora_immunda
>Cladophialophora_yegresii
>Cyphellophora_aestiva
>Cyphellophora_europaea
>Cyphellophora_laciniata
>Cyphellophora_sessilis
>Cyphellophora_vermispora
>Exophiala_dermatitidis_NIH.UT8656
>Exophiala_mesophila
>Exophiala_oligosperma
>Exophiala_radicis
>Exophiala_viscosa
>Exophiala_xenobiotica
>Fonsecaea_pedrosoi
>Knufia_mediterranea
>Knufia_obscura
>Knufia_petricola
>Knufia_separata
>Knufia_sp.
>Knufia_tsunedae
>Knufia_walvisbayicola
>Lithohypha_aloicola
>Lithohypha_guttulata
>Metulocladosporiella_musicola
>Metulocladosporiella_samutensis
>Neophaeococcomyces_aloes
>Neophaeococcomyces_catenatus
>Neophaeococcomyces_mojaviensis_JES112
>Neophaeococcomyces_oklahomaensis
>Strelitziana_africana
>Trichomerium_cicatricatum
>Trichomerium_deniquelatum
>Trichomerium_gleosporum
>Trichomerium_sp.
